17:18:22 **** Incremental Build of configuration Debug for project mqtt ****
make -j7 all 
arm-none-eabi-gcc "../Core/Src/freertos.c" -mcpu=cortex-m4 -std=gnu11 -g3 -DDEBUG -DUSE_HAL_DRIVER -DSTM32F407xx -c -I../Core/Inc -I../Drivers/STM32F4xx_HAL_Driver/Inc -I../Drivers/STM32F4xx_HAL_Driver/Inc/Legacy -I../Drivers/CMSIS/Device/ST/STM32F4xx/Include -I../Drivers/CMSIS/Include -I../Middlewares/Third_Party/FreeRTOS/Source/include -I../Middlewares/Third_Party/FreeRTOS/Source/CMSIS_RTOS_V2 -I../Middlewares/Third_Party/FreeRTOS/Source/portable/GCC/ARM_CM4F -I"/Users/yijin/Documents/Cpp_Projects/IoT_Project/mqtt/Bsp/Inc" -O0 -ffunction-sections -fdata-sections -Wall -fstack-usage -fcyclomatic-complexity -MMD -MP -MF"Core/Src/freertos.d" -MT"Core/Src/freertos.o" --specs=nano.specs -mfpu=fpv4-sp-d16 -mfloat-abi=hard -mthumb -o "Core/Src/freertos.o"
arm-none-eabi-gcc -o "mqtt.elf" @"objects.list"   -mcpu=cortex-m4 -T"/Users/yijin/Documents/Cpp_Projects/IoT_Project/mqtt/STM32F407VGTX_FLASH.ld" --specs=nosys.specs -Wl,-Map="mqtt.map" -Wl,--gc-sections -static -u _printf_float --specs=nano.specs -mfpu=fpv4-sp-d16 -mfloat-abi=hard -mthumb -Wl,--start-group -lc -lm -Wl,--end-group
Finished building target: mqtt.elf
 
arm-none-eabi-size  mqtt.elf 
arm-none-eabi-objdump -h -S mqtt.elf  > "mqtt.list"
   text	   data	    bss	    dec	    hex	filename
  64868	    604	  21696	  87168	  15480	mqtt.elf
Finished building: default.size.stdout
 
Finished building: mqtt.list
 

17:18:22 Build Finished. 0 errors, 0 warnings. (took 857ms)

